2026-07-28 06:08:35.642 - RealTimeSTT: realtimestt - INFO - Starting RealTimeSTT
2026-07-28 06:08:35.660 - RealTimeSTT: realtimestt - INFO - Initializing audio recording (creating pyAudio input stream, sample rate: 16000 buffer size: 512
2026-07-28 06:08:35.673 - RealTimeSTT: realtimestt - INFO - Initializing WebRTC voice with Sensitivity 3
2026-07-28 06:08:35.673 - RealTimeSTT: realtimestt - DEBUG - WebRTC VAD voice activity detection engine initialized successfully
2026-07-28 06:08:35.676 - RealTimeSTT: realtimestt - DEBUG - Silero VAD auto backend raw_onnx_ifless unavailable
Traceback (most recent call last):
  File "C:\Users\ghala\AppData\Local\Programs\Python\Python313\Lib\site-packages\RealtimeSTT\core\silero_vad.py", line 176, in _create_auto_vad
    return _create_raw_onnx_vad(
        model_name,
    ...<4 lines>...
        chunk_samples,
    )
  File "C:\Users\ghala\AppData\Local\Programs\Python\Python313\Lib\site-packages\RealtimeSTT\core\silero_vad.py", line 225, in _create_raw_onnx_vad
    raise SileroVadError(
    ...<3 lines>...
    )
RealtimeSTT.core.silero_vad.SileroVadError: Could not find silero_vad_op18_ifless.onnx in the installed silero_vad package or the local torch hub cache. Install 'silero-vad' or pass silero_onnx_model_path.
2026-07-28 06:08:35.680 - RealTimeSTT: realtimestt - DEBUG - Silero VAD auto backend raw_onnx unavailable
Traceback (most recent call last):
  File "C:\Users\ghala\AppData\Local\Programs\Python\Python313\Lib\site-packages\RealtimeSTT\core\silero_vad.py", line 176, in _create_auto_vad
    return _create_raw_onnx_vad(
        model_name,
    ...<4 lines>...
        chunk_samples,
    )
  File "C:\Users\ghala\AppData\Local\Programs\Python\Python313\Lib\site-packages\RealtimeSTT\core\silero_vad.py", line 225, in _create_raw_onnx_vad
    raise SileroVadError(
    ...<3 lines>...
    )
RealtimeSTT.core.silero_vad.SileroVadError: Could not find silero_vad.onnx in the installed silero_vad package or the local torch hub cache. Install 'silero-vad' or pass silero_onnx_model_path.
2026-07-28 06:09:57.743 - RealTimeSTT: realtimestt - ERROR - Error initializing Silero VAD voice activity detection engine: Could not initialize any automatic Silero VAD backend. Tried: raw_onnx_ifless: Could not find silero_vad_op18_ifless.onnx in the installed silero_vad package or the local torch hub cache. Install 'silero-vad' or pass silero_onnx_model_path.; raw_onnx: Could not find silero_vad.onnx in the installed silero_vad package or the local torch hub cache. Install 'silero-vad' or pass silero_onnx_model_path.; pytorch_cpu: Untrusted repository.
Traceback (most recent call last):
  File "C:\Users\ghala\AppData\Local\Programs\Python\Python313\Lib\site-packages\RealtimeSTT\core\silero_vad.py", line 287, in _create_pytorch_vad
    loaded = _load_silero_package_model(onnx=False)
  File "C:\Users\ghala\AppData\Local\Programs\Python\Python313\Lib\site-packages\RealtimeSTT\core\silero_vad.py", line 303, in _load_silero_package_model
    module = import_module("silero_vad")
  File "C:\Users\ghala\AppData\Local\Programs\Python\Python313\Lib\importlib\__init__.py", line 88, in import_module
    return _bootstrap._gcd_import(name[level:], package, level)
           ~~~~~~~~~~~~~~~~~~~~~~^^^^^^^^^^^^^^^^^^^^^^^^^^^^^^
  File "<frozen importlib._bootstrap>", line 1387, in _gcd_import
  File "<frozen importlib._bootstrap>", line 1360, in _find_and_load
  File "<frozen importlib._bootstrap>", line 1324, in _find_and_load_unlocked
ModuleNotFoundError: No module named 'silero_vad'

During handling of the above exception, another exception occurred:

Traceback (most recent call last):
  File "C:\Users\ghala\AppData\Local\Programs\Python\Python313\Lib\site-packages\RealtimeSTT\core\silero_vad.py", line 195, in _create_auto_vad
    return _create_pytorch_vad("cpu")
  File "C:\Users\ghala\AppData\Local\Programs\Python\Python313\Lib\site-packages\RealtimeSTT\core\silero_vad.py", line 289, in _create_pytorch_vad
    loaded = _load_torch_hub_model(onnx=False)
  File "C:\Users\ghala\AppData\Local\Programs\Python\Python313\Lib\site-packages\RealtimeSTT\core\silero_vad.py", line 319, in _load_torch_hub_model
    loaded = torch.hub.load(
        repo_or_dir="snakers4/silero-vad",
    ...<2 lines>...
        onnx=onnx,
    )
  File "C:\Users\ghala\AppData\Local\Programs\Python\Python313\Lib\site-packages\torch\hub.py", line 661, in load
    repo_or_dir = _get_cache_or_reload(
        repo_or_dir,
    ...<3 lines>...
        skip_validation=skip_validation,
    )
  File "C:\Users\ghala\AppData\Local\Programs\Python\Python313\Lib\site-packages\torch\hub.py", line 291, in _get_cache_or_reload
    _check_repo_is_trusted(
    ~~~~~~~~~~~~~~~~~~~~~~^
        repo_owner,
        ^^^^^^^^^^^
    ...<2 lines>...
        trust_repo=trust_repo,
        ^^^^^^^^^^^^^^^^^^^^^^
    )
    ^
  File "C:\Users\ghala\AppData\Local\Programs\Python\Python313\Lib\site-packages\torch\hub.py", line 384, in _check_repo_is_trusted
    raise Exception("Untrusted repository.")  # noqa: TRY002
    ^^^^^^^^^^^^^^^^^^^^^^^^^^^^^^^^^^^^^^^^
Exception: Untrusted repository.

During handling of the above exception, another exception occurred:

Traceback (most recent call last):
  File "C:\Users\ghala\AppData\Local\Programs\Python\Python313\Lib\site-packages\RealtimeSTT\core\initialization.py", line 558, in _initialize_voice_activity_detection
    recorder.silero_vad_model = create_silero_vad_model(
                                ~~~~~~~~~~~~~~~~~~~~~~~^
        backend=silero_backend,
        ^^^^^^^^^^^^^^^^^^^^^^^
    ...<5 lines>...
        logger=logger,
        ^^^^^^^^^^^^^^
    )
    ^
  File "C:\Users\ghala\AppData\Local\Programs\Python\Python313\Lib\site-packages\RealtimeSTT\core\silero_vad.py", line 114, in create_silero_vad_model
    return _create_auto_vad(
        onnx_model_path=onnx_model_path,
    ...<3 lines>...
        logger=log,
    )
  File "C:\Users\ghala\AppData\Local\Programs\Python\Python313\Lib\site-packages\RealtimeSTT\core\silero_vad.py", line 198, in _create_auto_vad
    raise SileroVadError(
    ...<2 lines>...
    )
RealtimeSTT.core.silero_vad.SileroVadError: Could not initialize any automatic Silero VAD backend. Tried: raw_onnx_ifless: Could not find silero_vad_op18_ifless.onnx in the installed silero_vad package or the local torch hub cache. Install 'silero-vad' or pass silero_onnx_model_path.; raw_onnx: Could not find silero_vad.onnx in the installed silero_vad package or the local torch hub cache. Install 'silero-vad' or pass silero_onnx_model_path.; pytorch_cpu: Untrusted repository.
